<html>
<body>
<pre>
<h1>礦ision Build Log</h1>
<h2>Tool Versions:</h2>
IDE-Version: μVision V5.21.1.0
Copyright (C) 2016 ARM Ltd and ARM Germany GmbH. All rights reserved.
License Information: MEIHUA WANG, SUSTC, LIC=1WSLQ-NTWU4-WK8B8-3MM8C-MU3XN-U14AK
 
Tool Versions:
Toolchain:       MDK-ARM Professional  Version: 5.21a
Toolchain Path:  E:\MDK5\MDK521\ARM\ARMCC\Bin
C Compiler:      Armcc.exe V5.06 update 3 (build 300)
Assembler:       Armasm.exe V5.06 update 3 (build 300)
Linker/Locator:  ArmLink.exe V5.06 update 3 (build 300)
Library Manager: ArmAr.exe V5.06 update 3 (build 300)
Hex Converter:   FromElf.exe V5.06 update 3 (build 300)
CPU DLL:         SARMCM3.DLL V5.21a
Dialog DLL:      DCM.DLL V1.13.8.0
Target DLL:      UL2CM3.DLL V1.158.5.0
Dialog DLL:      TCM.DLL V1.14.14.0
 
<h2>Project:</h2>
G:\R\电控资料\GitHub\Electronic-Infantry\Car_B\Artinx_new\artinx_new\MDK-ARM\artinx_new.uvprojx
Project File Date:  10/22/2017

<h2>Output:</h2>
*** Using Compiler 'V5.06 update 3 (build 300)', folder: 'E:\MDK5\MDK521\ARM\ARMCC\Bin'
Build target 'artinx_new'
assembling startup_stm32f427xx.s...
compiling stm32f4xx_hal_flash_ramfunc.c...
compiling stm32f4xx_hal_uart.c...
compiling stm32f4xx_hal_dma_ex.c...
compiling stm32f4xx_hal_flash_ex.c...
compiling stm32f4xx_hal_can.c...
compiling stm32f4xx_hal_spi.c...
compiling stm32f4xx_hal_tim_ex.c...
compiling stm32f4xx_hal_rcc_ex.c...
compiling stm32f4xx_hal_rcc.c...
compiling stm32f4xx_hal_dma.c...
compiling stm32f4xx_hal_pwr_ex.c...
compiling stm32f4xx_hal_gpio.c...
compiling stm32f4xx_hal.c...
compiling stm32f4xx_hal_flash.c...
compiling stm32f4xx_hal_pwr.c...
compiling stm32f4xx_hal_cortex.c...
compiling stm32f4xx_hal_tim.c...
compiling stm32f4xx_hal_i2c.c...
compiling stm32f4xx_hal_i2c_ex.c...
compiling gpio.c...
compiling usart.c...
compiling spi.c...
compiling dma.c...
compiling stm32f4xx_hal_msp.c...
compiling can.c...
compiling i2c.c...
compiling main.c...
compiling tim.c...
compiling stm32f4xx_it.c...
compiling system_stm32f4xx.c...
compiling delay.c...
compiling led.c...
compiling laser.c...
compiling dbus.c...
compiling pid_algorithm.c...
compiling chassis_control.c...
compiling test_imu.c...
compiling gimbal_control.c...
compiling sdbus.c...
compiling shoot_control.c...
compiling encoder.c...
compiling initialization.c...
compiling i2c_mpu6050.c...
compiling test_can1.c...
compiling test_usart.c...
compiling test_can2.c...
linking...
Program Size: Code=17968 RO-data=484 RW-data=324 ZI-data=2420  
FromELF: creating hex file...
"artinx_new\artinx_new.axf" - 0 Error(s), 0 Warning(s).

<h2>Software Packages used:</h2>

Package Vendor: ARM
                http://www.keil.com/pack/ARM.CMSIS.4.5.0.pack
                ARM::CMSIS:CORE:4.3.0
                CMSIS (Cortex Microcontroller Software Interface Standard)
   * Component: CORE Version: 4.3.0

<h2>Collection of Component include folders:</h2>
  G:\R\电控资料\GitHub\Electronic-Infantry\Car_B\Artinx_new\artinx_new\MDK-ARM\RTE
  E:\MDK5\MDK521\ARM\PACK\ARM\CMSIS\4.5.0\CMSIS\Include
  E:\MDK5\MDK521\ARM\PACK\Keil\STM32F4xx_DFP\1.0.8\Device\Include

<h2>Collection of Component Files used:</h2>

   * Component: ARM::CMSIS:CORE:4.3.0
Build Time Elapsed:  00:03:33
</pre>
</body>
</html>
